
  .   ____          _            __ _ _
 /\\ / ___'_ __ _ _(_)_ __  __ _ \ \ \ \
( ( )\___ | '_ | '_| | '_ \/ _` | \ \ \ \
 \\/  ___)| |_)| | | | | || (_| |  ) ) ) )
  '  |____| .__|_| |_|_| |_\__, | / / / /
 =========|_|==============|___/=/_/_/_/

 :: Spring Boot ::               (v3.5.16)

2026-09-28T10:55:28.994-03:00  INFO 20380 --- [ecohospital-esg] [           main] br.com.ecohospital.EsgApplication        : Starting EsgApplication v1.0.0 using Java 17.0.16 with PID 20380 (C:\Users\kalicon\Documents\Kalicon Programação\ESG FInal\target\esg-app.jar started by kalicon in C:\Users\kalicon\Documents\Kalicon Programação\ESG FInal)
2026-09-28T10:55:29.001-03:00  INFO 20380 --- [ecohospital-esg] [           main] br.com.ecohospital.EsgApplication        : No active profile set, falling back to 1 default profile: "default"
2026-09-28T10:55:31.251-03:00  INFO 20380 --- [ecohospital-esg] [           main] o.s.b.w.embedded.tomcat.TomcatWebServer  : Tomcat initialized with port 18082 (http)
2026-09-28T10:55:31.285-03:00  INFO 20380 --- [ecohospital-esg] [           main] o.apache.catalina.core.StandardService   : Starting service [Tomcat]
2026-09-28T10:55:31.286-03:00  INFO 20380 --- [ecohospital-esg] [           main] o.apache.catalina.core.StandardEngine    : Starting Servlet engine: [Apache Tomcat/10.1.55]
2026-09-28T10:55:31.330-03:00  INFO 20380 --- [ecohospital-esg] [           main] o.a.c.c.C.[Tomcat].[localhost].[/]       : Initializing Spring embedded WebApplicationContext
2026-09-28T10:55:31.332-03:00  INFO 20380 --- [ecohospital-esg] [           main] w.s.c.ServletWebServerApplicationContext : Root WebApplicationContext: initialization completed in 2223 ms
2026-09-28T10:55:31.882-03:00  INFO 20380 --- [ecohospital-esg] [           main] o.s.b.a.w.s.WelcomePageHandlerMapping    : Adding welcome page: class path resource [static/index.html]
2026-09-28T10:55:32.516-03:00  INFO 20380 --- [ecohospital-esg] [           main] o.s.b.a.e.web.EndpointLinksResolver      : Exposing 1 endpoint beneath base path '/actuator'
2026-09-28T10:55:32.633-03:00  INFO 20380 --- [ecohospital-esg] [           main] o.s.b.w.embedded.tomcat.TomcatWebServer  : Tomcat started on port 18082 (http) with context path '/'
2026-09-28T10:55:32.657-03:00  INFO 20380 --- [ecohospital-esg] [           main] br.com.ecohospital.EsgApplication        : Started EsgApplication in 4.773 seconds (process running for 5.495)
2026-09-28T10:55:32.802-03:00  INFO 20380 --- [ecohospital-esg] [io-18082-exec-2] o.a.c.c.C.[Tomcat].[localhost].[/]       : Initializing Spring DispatcherServlet 'dispatcherServlet'
2026-09-28T10:55:32.803-03:00  INFO 20380 --- [ecohospital-esg] [io-18082-exec-2] o.s.web.servlet.DispatcherServlet        : Initializing Servlet 'dispatcherServlet'
2026-09-28T10:55:32.804-03:00  INFO 20380 --- [ecohospital-esg] [io-18082-exec-2] o.s.web.servlet.DispatcherServlet        : Completed initialization in 1 ms
