 Image ecohospital:postgres-local Building 
#1 [internal] load local bake definitions
#1 reading from stdin 662B 0.0s done
#1 DONE 0.0s

#2 [internal] load build definition from Dockerfile
#2 transferring dockerfile: 1.03kB 0.0s done
#2 DONE 0.0s

#3 resolve image config for docker-image://docker.io/docker/dockerfile:1
#3 DONE 0.9s

#4 docker-image://docker.io/docker/dockerfile:1@sha256:ecfaec9ed6d810b56388c508f4121597bfbba70d41a6dfeee4d8cad5f295fc32
#4 resolve docker.io/docker/dockerfile:1@sha256:ecfaec9ed6d810b56388c508f4121597bfbba70d41a6dfeee4d8cad5f295fc32 0.0s done
#4 CACHED

#5 [internal] load metadata for docker.io/library/maven:3.9-eclipse-temurin-17
#5 ...

#6 [internal] load metadata for docker.io/library/eclipse-temurin:17-jre-jammy
#6 DONE 0.7s

#5 [internal] load metadata for docker.io/library/maven:3.9-eclipse-temurin-17
#5 DONE 0.7s

#7 [internal] load .dockerignore
#7 transferring context: 156B 0.0s done
#7 DONE 0.0s

#8 [internal] load build context
#8 DONE 0.0s

#9 [build 1/8] FROM docker.io/library/maven:3.9-eclipse-temurin-17@sha256:f1ab639371711ac150c8e344bff7d39d8161c17a531b5dd653d3fa03af554807
#9 resolve docker.io/library/maven:3.9-eclipse-temurin-17@sha256:f1ab639371711ac150c8e344bff7d39d8161c17a531b5dd653d3fa03af554807 0.1s done
#9 DONE 0.1s

#10 [runtime 1/4] FROM docker.io/library/eclipse-temurin:17-jre-jammy@sha256:97137382c6f0c30427d9b7c44ad8b2d55ac823b0768c171d81a643ed219023c5
#10 resolve docker.io/library/eclipse-temurin:17-jre-jammy@sha256:97137382c6f0c30427d9b7c44ad8b2d55ac823b0768c171d81a643ed219023c5 0.1s done
#10 DONE 0.1s

#8 [internal] load build context
#8 transferring context: 73.12kB 0.1s done
#8 DONE 0.1s

#11 [build 4/8] COPY src/main ./src/main
#11 CACHED

#12 [build 2/8] WORKDIR /build
#12 CACHED

#13 [build 3/8] COPY pom.xml ./
#13 CACHED

#14 [build 5/8] COPY src/test ./src/test
#14 CACHED

#15 [build 6/8] COPY public ./public
#15 DONE 0.1s

#16 [build 7/8] COPY data/esg_dataset.json ./data/esg_dataset.json
#16 DONE 0.1s

#17 [build 8/8] RUN mvn -B -ntp verify
#17 3.236 [INFO] Scanning for projects...
#17 6.603 [INFO] 
#17 6.603 [INFO] ---------------------< br.com.ecohospital:esg-app >---------------------
#17 6.604 [INFO] Building EcoHospital Smart - ESG CI/CD 1.0.0
#17 6.605 [INFO]   from pom.xml
#17 6.605 [INFO] --------------------------------[ jar ]---------------------------------
#17 17.62 [INFO] 
#17 17.62 [INFO] --- resources:3.3.1:resources (default-resources) @ esg-app ---
#17 18.73 [INFO] Copying 1 resource from src/main/resources to target/classes
#17 18.74 [INFO] Copying 6 resources from public to target/classes/static
#17 18.75 [INFO] Copying 1 resource from data to target/classes/seed
#17 18.75 [INFO] 
#17 18.75 [INFO] --- compiler:3.14.1:compile (default-compile) @ esg-app ---
#17 19.83 [INFO] Recompiling the module because of changed source code.
#17 19.85 [INFO] Compiling 12 source files with javac [debug parameters release 17] to target/classes
#17 22.75 [INFO] 
#17 22.75 [INFO] --- resources:3.3.1:testResources (default-testResources) @ esg-app ---
#17 22.76 [INFO] skip non existing resourceDirectory /build/src/test/resources
#17 22.77 [INFO] 
#17 22.77 [INFO] --- compiler:3.14.1:testCompile (default-testCompile) @ esg-app ---
#17 22.79 [INFO] Recompiling the module because of changed dependency.
#17 22.80 [INFO] Compiling 5 source files with javac [debug parameters release 17] to target/test-classes
#17 24.31 [INFO] 
#17 24.31 [INFO] --- surefire:3.5.6:test (default-test) @ esg-app ---
#17 26.01 [INFO] Using auto detected provider org.apache.maven.surefire.junitplatform.JUnitPlatformProvider
#17 26.37 [INFO] 
#17 26.37 [INFO] -------------------------------------------------------
#17 26.37 [INFO]  T E S T S
#17 26.37 [INFO] -------------------------------------------------------
#17 27.61 [INFO] Running br.com.ecohospital.EsgApiTest
#17 27.94 16:12:41.235 [main] INFO org.springframework.test.context.support.AnnotationConfigContextLoaderUtils -- Could not detect default configuration classes for test class [br.com.ecohospital.EsgApiTest]: EsgApiTest does not declare any static, non-private, non-final, nested classes annotated with @Configuration.
#17 28.24 16:12:41.567 [main] INFO org.springframework.boot.test.context.SpringBootTestContextBootstrapper -- Found @SpringBootConfiguration br.com.ecohospital.EsgApplication for test class br.com.ecohospital.EsgApiTest
#17 29.14 
#17 29.14   .   ____          _            __ _ _
#17 29.14  /\\ / ___'_ __ _ _(_)_ __  __ _ \ \ \ \
#17 29.14 ( ( )\___ | '_ | '_| | '_ \/ _` | \ \ \ \
#17 29.14  \\/  ___)| |_)| | | | | || (_| |  ) ) ) )
#17 29.14   '  |____| .__|_| |_|_| |_\__, | / / / /
#17 29.14  =========|_|==============|___/=/_/_/_/
#17 29.14 
#17 29.14  :: Spring Boot ::               (v3.5.16)
#17 29.14 
#17 29.24 2026-09-28T16:12:42.589Z  INFO 113 --- [ecohospital-esg] [           main] br.com.ecohospital.EsgApiTest            : Starting EsgApiTest using Java 17.0.20.1 with PID 113 (started by root in /build)
#17 29.24 2026-09-28T16:12:42.592Z  INFO 113 --- [ecohospital-esg] [           main] br.com.ecohospital.EsgApiTest            : No active profile set, falling back to 1 default profile: "default"
#17 31.65 2026-09-28T16:12:44.962Z  INFO 113 --- [ecohospital-esg] [           main] o.s.b.a.w.s.WelcomePageHandlerMapping    : Adding welcome page: class path resource [static/index.html]
#17 32.45 2026-09-28T16:12:45.766Z  INFO 113 --- [ecohospital-esg] [           main] o.s.b.t.m.w.SpringBootMockServletContext : Initializing Spring TestDispatcherServlet ''
#17 32.46 2026-09-28T16:12:45.766Z  INFO 113 --- [ecohospital-esg] [           main] o.s.t.web.servlet.TestDispatcherServlet  : Initializing Servlet ''
#17 32.46 2026-09-28T16:12:45.784Z  INFO 113 --- [ecohospital-esg] [           main] o.s.b.a.e.web.EndpointLinksResolver      : Exposing 1 endpoint beneath base path '/actuator'
#17 32.46 2026-09-28T16:12:45.801Z  INFO 113 --- [ecohospital-esg] [           main] o.s.t.web.servlet.TestDispatcherServlet  : Completed initialization in 31 ms
#17 32.55 2026-09-28T16:12:45.931Z  INFO 113 --- [ecohospital-esg] [           main] br.com.ecohospital.EsgApiTest            : Started EsgApiTest in 4.069 seconds (process running for 6.016)
#17 33.02 OpenJDK 64-Bit Server VM warning: Sharing is only supported for boot loader classes because bootstrap classpath has been appended
#17 34.56 2026-09-28T16:12:47.942Z  WARN 113 --- [ecohospital-esg] [           main] .w.s.m.s.DefaultHandlerExceptionResolver : Resolved [org.springframework.http.converter.HttpMessageNotReadableException: JSON parse error: Unexpected character ('b' (code 98)): was expecting double-quote to start field name]
#17 34.95 [INFO] Tests run: 24, Failures: 0, Errors: 0, Skipped: 0, Time elapsed: 7.277 s -- in br.com.ecohospital.EsgApiTest
#17 34.95 [INFO] Running br.com.ecohospital.WriteAccessTest
#17 35.00 [INFO] Tests run: 3, Failures: 0, Errors: 0, Skipped: 0, Time elapsed: 0.021 s -- in br.com.ecohospital.WriteAccessTest
#17 35.00 [INFO] Running br.com.ecohospital.EsgOperationsTest
#17 35.07 [INFO] Tests run: 4, Failures: 0, Errors: 0, Skipped: 0, Time elapsed: 0.147 s -- in br.com.ecohospital.EsgOperationsTest
#17 35.07 [INFO] Running br.com.ecohospital.EnvironmentalJournalTest
#17 35.15 [INFO] Tests run: 3, Failures: 0, Errors: 0, Skipped: 0, Time elapsed: 0.066 s -- in br.com.ecohospital.EnvironmentalJournalTest
#17 35.15 [INFO] Running br.com.ecohospital.EsgStoreTest
#17 35.31 [INFO] Tests run: 5, Failures: 0, Errors: 0, Skipped: 0, Time elapsed: 0.168 s -- in br.com.ecohospital.EsgStoreTest
#17 35.38 [INFO] 
#17 35.38 [INFO] Results:
#17 35.38 [INFO] 
#17 35.38 [INFO] Tests run: 39, Failures: 0, Errors: 0, Skipped: 0
#17 35.38 [INFO] 
#17 35.38 [INFO] 
#17 35.38 [INFO] --- jar:3.4.2:jar (default-jar) @ esg-app ---
#17 37.71 [INFO] Building jar: /build/target/esg-app.jar
#17 37.84 [INFO] 
#17 37.84 [INFO] --- spring-boot:3.5.16:repackage (repackage) @ esg-app ---
#17 40.49 [INFO] Replacing main artifact /build/target/esg-app.jar with repackaged archive, adding nested dependencies in BOOT-INF/.
#17 40.49 [INFO] The original artifact has been renamed to /build/target/esg-app.jar.original
#17 40.49 [INFO] ------------------------------------------------------------------------
#17 40.49 [INFO] BUILD SUCCESS
#17 40.50 [INFO] ------------------------------------------------------------------------
#17 40.50 [INFO] Total time:  37.294 s
#17 40.50 [INFO] Finished at: 2026-09-28T16:12:53Z
#17 40.50 [INFO] ------------------------------------------------------------------------
#17 DONE 41.0s

#18 [runtime 2/4] RUN apt-get update && apt-get install -y --no-install-recommends curl     && rm -rf /var/lib/apt/lists/*     && groupadd --gid 10001 esg     && useradd --uid 10001 --gid esg --no-create-home esg     && mkdir -p /app/data && chown -R esg:esg /app
#18 CACHED

#19 [runtime 3/4] WORKDIR /app
#19 CACHED

#20 [runtime 4/4] COPY --from=build --chown=esg:esg /build/target/esg-app.jar /app/app.jar
#20 DONE 0.1s

#21 exporting to image
#21 exporting layers
#21 exporting layers 1.9s done
#21 exporting manifest sha256:c13bf36bef3dda67683bbcc31233ebc3f8bad690cc662bfe38a7d553e720a361 0.0s done
#21 exporting config sha256:6fa4d51f6c8b79898bc4ee90d83873b1aebbc1e171a7626b512447b54bf286b8 0.0s done
#21 exporting attestation manifest sha256:a51c6527bbbf9a8f435dfdded7ddd11a4e774bd4ad2395a5e6f50b7ffcf9b4fc
#21 exporting attestation manifest sha256:a51c6527bbbf9a8f435dfdded7ddd11a4e774bd4ad2395a5e6f50b7ffcf9b4fc 0.0s done
#21 exporting manifest list sha256:1b1b095083dc022e82a02238db7bcaaad591312a0dcfa3981a4c0e8d5db6b876 0.0s done
#21 naming to docker.io/library/ecohospital:postgres-local done
#21 unpacking to docker.io/library/ecohospital:postgres-local
#21 unpacking to docker.io/library/ecohospital:postgres-local 0.5s done
#21 DONE 2.6s

#22 resolving provenance for metadata file
#22 DONE 0.0s
 Image ecohospital:postgres-local Built 
 Container ecohospital-postgres-demo-db-1 Running 
 Container ecohospital-postgres-demo-app-1 Recreate 
 Container ecohospital-postgres-demo-app-1 Recreated 
 Container ecohospital-postgres-demo-db-1 Waiting 
 Container ecohospital-postgres-demo-db-1 Healthy 
 Container ecohospital-postgres-demo-app-1 Starting 
 Container ecohospital-postgres-demo-app-1 Started 
 Container ecohospital-postgres-demo-app-1 Waiting 
 Container ecohospital-postgres-demo-db-1 Waiting 
 Container ecohospital-postgres-demo-db-1 Healthy 
 Container ecohospital-postgres-demo-app-1 Healthy 
