 Image ecohospital:postgres-local Building 
#1 [internal] load local bake definitions
#1 reading from stdin 662B 0.0s done
#1 DONE 0.0s

#2 [internal] load build definition from Dockerfile
#2 transferring dockerfile: 1.03kB 0.0s done
#2 DONE 0.0s

#3 resolve image config for docker-image://docker.io/docker/dockerfile:1
#3 DONE 0.7s

#4 docker-image://docker.io/docker/dockerfile:1@sha256:ecfaec9ed6d810b56388c508f4121597bfbba70d41a6dfeee4d8cad5f295fc32
#4 resolve docker.io/docker/dockerfile:1@sha256:ecfaec9ed6d810b56388c508f4121597bfbba70d41a6dfeee4d8cad5f295fc32 0.1s done
#4 CACHED

#5 [internal] load metadata for docker.io/library/maven:3.9-eclipse-temurin-17
#5 ...

#6 [internal] load metadata for docker.io/library/eclipse-temurin:17-jre-jammy
#6 DONE 0.7s

#5 [internal] load metadata for docker.io/library/maven:3.9-eclipse-temurin-17
#5 DONE 0.8s

#7 [internal] load .dockerignore
#7 transferring context: 156B done
#7 DONE 0.0s

#8 [runtime 1/4] FROM docker.io/library/eclipse-temurin:17-jre-jammy@sha256:97137382c6f0c30427d9b7c44ad8b2d55ac823b0768c171d81a643ed219023c5
#8 resolve docker.io/library/eclipse-temurin:17-jre-jammy@sha256:97137382c6f0c30427d9b7c44ad8b2d55ac823b0768c171d81a643ed219023c5 0.1s done
#8 DONE 0.1s

#9 [build 1/8] FROM docker.io/library/maven:3.9-eclipse-temurin-17@sha256:f1ab639371711ac150c8e344bff7d39d8161c17a531b5dd653d3fa03af554807
#9 resolve docker.io/library/maven:3.9-eclipse-temurin-17@sha256:f1ab639371711ac150c8e344bff7d39d8161c17a531b5dd653d3fa03af554807 0.1s done
#9 DONE 0.1s

#10 [internal] load build context
#10 transferring context: 46.04kB 0.0s done
#10 DONE 0.0s

#11 [build 2/8] WORKDIR /build
#11 CACHED

#12 [build 3/8] COPY pom.xml ./
#12 CACHED

#13 [build 4/8] COPY src/main ./src/main
#13 CACHED

#14 [build 5/8] COPY src/test ./src/test
#14 CACHED

#15 [build 6/8] COPY public ./public
#15 DONE 0.1s

#16 [build 7/8] COPY data/esg_dataset.json ./data/esg_dataset.json
#16 DONE 0.1s

#17 [build 8/8] RUN mvn -B -ntp verify
#17 2.905 [INFO] Scanning for projects...
#17 6.363 [INFO] 
#17 6.363 [INFO] ---------------------< br.com.ecohospital:esg-app >---------------------
#17 6.366 [INFO] Building EcoHospital Smart - ESG CI/CD 1.0.0
#17 6.371 [INFO]   from pom.xml
#17 6.371 [INFO] --------------------------------[ jar ]---------------------------------
#17 20.58 [INFO] 
#17 20.58 [INFO] --- resources:3.3.1:resources (default-resources) @ esg-app ---
#17 22.07 [INFO] Copying 1 resource from src/main/resources to target/classes
#17 22.07 [INFO] Copying 6 resources from public to target/classes/static
#17 22.08 [INFO] Copying 1 resource from data to target/classes/seed
#17 22.08 [INFO] 
#17 22.08 [INFO] --- compiler:3.14.1:compile (default-compile) @ esg-app ---
#17 23.29 [INFO] Recompiling the module because of changed source code.
#17 23.31 [INFO] Compiling 12 source files with javac [debug parameters release 17] to target/classes
#17 26.42 [INFO] 
#17 26.42 [INFO] --- resources:3.3.1:testResources (default-testResources) @ esg-app ---
#17 26.43 [INFO] skip non existing resourceDirectory /build/src/test/resources
#17 26.43 [INFO] 
#17 26.43 [INFO] --- compiler:3.14.1:testCompile (default-testCompile) @ esg-app ---
#17 26.46 [INFO] Recompiling the module because of changed dependency.
#17 26.46 [INFO] Compiling 5 source files with javac [debug parameters release 17] to target/test-classes
#17 28.00 [INFO] 
#17 28.00 [INFO] --- surefire:3.5.6:test (default-test) @ esg-app ---
#17 29.55 [INFO] Using auto detected provider org.apache.maven.surefire.junitplatform.JUnitPlatformProvider
#17 29.87 [INFO] 
#17 29.87 [INFO] -------------------------------------------------------
#17 29.87 [INFO]  T E S T S
#17 29.87 [INFO] -------------------------------------------------------
#17 31.38 [INFO] Running br.com.ecohospital.EsgApiTest
#17 31.68 16:07:58.404 [main] INFO org.springframework.test.context.support.AnnotationConfigContextLoaderUtils -- Could not detect default configuration classes for test class [br.com.ecohospital.EsgApiTest]: EsgApiTest does not declare any static, non-private, non-final, nested classes annotated with @Configuration.
#17 31.97 16:07:58.673 [main] INFO org.springframework.boot.test.context.SpringBootTestContextBootstrapper -- Found @SpringBootConfiguration br.com.ecohospital.EsgApplication for test class br.com.ecohospital.EsgApiTest
#17 32.57 
#17 32.57   .   ____          _            __ _ _
#17 32.57  /\\ / ___'_ __ _ _(_)_ __  __ _ \ \ \ \
#17 32.57 ( ( )\___ | '_ | '_| | '_ \/ _` | \ \ \ \
#17 32.57  \\/  ___)| |_)| | | | | || (_| |  ) ) ) )
#17 32.57   '  |____| .__|_| |_|_| |_\__, | / / / /
#17 32.57  =========|_|==============|___/=/_/_/_/
#17 32.57 
#17 32.57  :: Spring Boot ::               (v3.5.16)
#17 32.57 
#17 32.77 2026-09-28T16:07:59.431Z  INFO 111 --- [ecohospital-esg] [           main] br.com.ecohospital.EsgApiTest            : Starting EsgApiTest using Java 17.0.20.1 with PID 111 (started by root in /build)
#17 32.77 2026-09-28T16:07:59.434Z  INFO 111 --- [ecohospital-esg] [           main] br.com.ecohospital.EsgApiTest            : No active profile set, falling back to 1 default profile: "default"
#17 34.68 2026-09-28T16:08:01.350Z  INFO 111 --- [ecohospital-esg] [           main] o.s.b.a.w.s.WelcomePageHandlerMapping    : Adding welcome page: class path resource [static/index.html]
#17 35.58 2026-09-28T16:08:02.262Z  INFO 111 --- [ecohospital-esg] [           main] o.s.b.t.m.w.SpringBootMockServletContext : Initializing Spring TestDispatcherServlet ''
#17 35.59 2026-09-28T16:08:02.263Z  INFO 111 --- [ecohospital-esg] [           main] o.s.t.web.servlet.TestDispatcherServlet  : Initializing Servlet ''
#17 35.59 2026-09-28T16:08:02.298Z  INFO 111 --- [ecohospital-esg] [           main] o.s.b.a.e.web.EndpointLinksResolver      : Exposing 1 endpoint beneath base path '/actuator'
#17 35.68 2026-09-28T16:08:02.320Z  INFO 111 --- [ecohospital-esg] [           main] o.s.t.web.servlet.TestDispatcherServlet  : Completed initialization in 53 ms
#17 35.78 2026-09-28T16:08:02.489Z  INFO 111 --- [ecohospital-esg] [           main] br.com.ecohospital.EsgApiTest            : Started EsgApiTest in 3.604 seconds (process running for 5.748)
#17 36.26 OpenJDK 64-Bit Server VM warning: Sharing is only supported for boot loader classes because bootstrap classpath has been appended
#17 37.63 2026-09-28T16:08:04.369Z  WARN 111 --- [ecohospital-esg] [           main] .w.s.m.s.DefaultHandlerExceptionResolver : Resolved [org.springframework.http.converter.HttpMessageNotReadableException: JSON parse error: Unexpected character ('b' (code 98)): was expecting double-quote to start field name]
#17 37.98 [INFO] Tests run: 24, Failures: 0, Errors: 0, Skipped: 0, Time elapsed: 6.559 s -- in br.com.ecohospital.EsgApiTest
#17 37.99 [INFO] Running br.com.ecohospital.WriteAccessTest
#17 38.00 [INFO] Tests run: 3, Failures: 0, Errors: 0, Skipped: 0, Time elapsed: 0.028 s -- in br.com.ecohospital.WriteAccessTest
#17 38.00 [INFO] Running br.com.ecohospital.EsgOperationsTest
#17 38.08 [INFO] Tests run: 3, Failures: 0, Errors: 0, Skipped: 0, Time elapsed: 0.108 s -- in br.com.ecohospital.EsgOperationsTest
#17 38.08 [INFO] Running br.com.ecohospital.EnvironmentalJournalTest
#17 38.14 [INFO] Tests run: 3, Failures: 0, Errors: 0, Skipped: 0, Time elapsed: 0.064 s -- in br.com.ecohospital.EnvironmentalJournalTest
#17 38.14 [INFO] Running br.com.ecohospital.EsgStoreTest
#17 38.29 [INFO] Tests run: 5, Failures: 0, Errors: 0, Skipped: 0, Time elapsed: 0.141 s -- in br.com.ecohospital.EsgStoreTest
#17 38.35 [INFO] 
#17 38.35 [INFO] Results:
#17 38.35 [INFO] 
#17 38.35 [INFO] Tests run: 38, Failures: 0, Errors: 0, Skipped: 0
#17 38.35 [INFO] 
#17 38.36 [INFO] 
#17 38.36 [INFO] --- jar:3.4.2:jar (default-jar) @ esg-app ---
#17 40.95 [INFO] Building jar: /build/target/esg-app.jar
#17 41.11 [INFO] 
#17 41.11 [INFO] --- spring-boot:3.5.16:repackage (repackage) @ esg-app ---
#17 43.73 [INFO] Replacing main artifact /build/target/esg-app.jar with repackaged archive, adding nested dependencies in BOOT-INF/.
#17 43.73 [INFO] The original artifact has been renamed to /build/target/esg-app.jar.original
#17 43.73 [INFO] ------------------------------------------------------------------------
#17 43.73 [INFO] BUILD SUCCESS
#17 43.73 [INFO] ------------------------------------------------------------------------
#17 43.74 [INFO] Total time:  40.873 s
#17 43.74 [INFO] Finished at: 2026-09-28T16:08:10Z
#17 43.74 [INFO] ------------------------------------------------------------------------
#17 DONE 44.2s

#18 [runtime 2/4] RUN apt-get update && apt-get install -y --no-install-recommends curl     && rm -rf /var/lib/apt/lists/*     && groupadd --gid 10001 esg     && useradd --uid 10001 --gid esg --no-create-home esg     && mkdir -p /app/data && chown -R esg:esg /app
#18 CACHED

#19 [runtime 3/4] WORKDIR /app
#19 CACHED

#20 [runtime 4/4] COPY --from=build --chown=esg:esg /build/target/esg-app.jar /app/app.jar
#20 DONE 0.1s

#21 exporting to image
#21 exporting layers
#21 exporting layers 1.9s done
#21 exporting manifest sha256:3bc9f01bfa256ae7b5ec40e0d21d683e205dc6a9802dc51c63f766753992be4c 0.0s done
#21 exporting config sha256:6871e3e47da8d6fb3a715542ee3be98f92c7138b5fa9597b5a15c97cdb3fb8f6 0.0s done
#21 exporting attestation manifest sha256:40bf4cd179ab7d8e6d8803e1368c27f109c537471630b1bd554810a8bd926221 0.0s done
#21 exporting manifest list sha256:b9f2f10434762acf63aa231846cdd9040010c84f2cbe360cc39b902afbaa146a 0.0s done
#21 naming to docker.io/library/ecohospital:postgres-local done
#21 unpacking to docker.io/library/ecohospital:postgres-local
#21 unpacking to docker.io/library/ecohospital:postgres-local 0.4s done
#21 DONE 2.5s

#22 resolving provenance for metadata file
#22 DONE 0.0s
 Image ecohospital:postgres-local Built 
 Container ecohospital-postgres-demo-db-1 Running 
 Container ecohospital-postgres-demo-app-1 Recreate 
 Container ecohospital-postgres-demo-app-1 Recreated 
 Container ecohospital-postgres-demo-db-1 Waiting 
 Container ecohospital-postgres-demo-db-1 Healthy 
 Container ecohospital-postgres-demo-app-1 Starting 
 Container ecohospital-postgres-demo-app-1 Started 
 Container ecohospital-postgres-demo-app-1 Waiting 
 Container ecohospital-postgres-demo-db-1 Waiting 
 Container ecohospital-postgres-demo-db-1 Healthy 
 Container ecohospital-postgres-demo-app-1 Healthy 
