 Image ecohospital:postgres-local Building 
#1 [internal] load local bake definitions
#1 reading from stdin 662B 0.0s done
#1 DONE 0.0s

#2 [internal] load build definition from Dockerfile
#2 transferring dockerfile: 1.03kB 0.0s done
#2 DONE 0.0s

#3 resolve image config for docker-image://docker.io/docker/dockerfile:1
#3 DONE 0.8s

#4 docker-image://docker.io/docker/dockerfile:1@sha256:ecfaec9ed6d810b56388c508f4121597bfbba70d41a6dfeee4d8cad5f295fc32
#4 resolve docker.io/docker/dockerfile:1@sha256:ecfaec9ed6d810b56388c508f4121597bfbba70d41a6dfeee4d8cad5f295fc32 0.0s done
#4 CACHED

#5 [internal] load metadata for docker.io/library/eclipse-temurin:17-jre-jammy
#5 DONE 0.6s

#6 [internal] load metadata for docker.io/library/maven:3.9-eclipse-temurin-17
#6 DONE 0.6s

#7 [internal] load .dockerignore
#7 transferring context: 156B done
#7 DONE 0.0s

#8 [internal] load build context
#8 DONE 0.0s

#9 [runtime 1/4] FROM docker.io/library/eclipse-temurin:17-jre-jammy@sha256:97137382c6f0c30427d9b7c44ad8b2d55ac823b0768c171d81a643ed219023c5
#9 resolve docker.io/library/eclipse-temurin:17-jre-jammy@sha256:97137382c6f0c30427d9b7c44ad8b2d55ac823b0768c171d81a643ed219023c5 0.1s done
#9 DONE 0.1s

#10 [build 1/8] FROM docker.io/library/maven:3.9-eclipse-temurin-17@sha256:f1ab639371711ac150c8e344bff7d39d8161c17a531b5dd653d3fa03af554807
#10 resolve docker.io/library/maven:3.9-eclipse-temurin-17@sha256:f1ab639371711ac150c8e344bff7d39d8161c17a531b5dd653d3fa03af554807 0.1s done
#10 DONE 0.1s

#8 [internal] load build context
#8 transferring context: 15.10kB 0.0s done
#8 DONE 0.0s

#11 [build 2/8] WORKDIR /build
#11 CACHED

#12 [build 3/8] COPY pom.xml ./
#12 CACHED

#13 [build 4/8] COPY src/main ./src/main
#13 DONE 0.1s

#14 [build 5/8] COPY src/test ./src/test
#14 DONE 0.1s

#15 [build 6/8] COPY public ./public
#15 DONE 0.1s

#16 [build 7/8] COPY data/esg_dataset.json ./data/esg_dataset.json
#16 DONE 0.1s

#17 [build 8/8] RUN mvn -B -ntp verify
#17 3.216 [INFO] Scanning for projects...
#17 7.360 [INFO] 
#17 7.361 [INFO] ---------------------< br.com.ecohospital:esg-app >---------------------
#17 7.361 [INFO] Building EcoHospital Smart - ESG CI/CD 1.0.0
#17 7.361 [INFO]   from pom.xml
#17 7.362 [INFO] --------------------------------[ jar ]---------------------------------
#17 21.37 [INFO] 
#17 21.37 [INFO] --- resources:3.3.1:resources (default-resources) @ esg-app ---
#17 22.80 [INFO] Copying 1 resource from src/main/resources to target/classes
#17 22.80 [INFO] Copying 6 resources from public to target/classes/static
#17 22.81 [INFO] Copying 1 resource from data to target/classes/seed
#17 22.81 [INFO] 
#17 22.81 [INFO] --- compiler:3.14.1:compile (default-compile) @ esg-app ---
#17 24.10 [INFO] Recompiling the module because of changed source code.
#17 24.12 [INFO] Compiling 12 source files with javac [debug parameters release 17] to target/classes
#17 26.53 [INFO] 
#17 26.53 [INFO] --- resources:3.3.1:testResources (default-testResources) @ esg-app ---
#17 26.54 [INFO] skip non existing resourceDirectory /build/src/test/resources
#17 26.54 [INFO] 
#17 26.54 [INFO] --- compiler:3.14.1:testCompile (default-testCompile) @ esg-app ---
#17 26.56 [INFO] Recompiling the module because of changed dependency.
#17 26.56 [INFO] Compiling 5 source files with javac [debug parameters release 17] to target/test-classes
#17 27.63 [INFO] 
#17 27.63 [INFO] --- surefire:3.5.6:test (default-test) @ esg-app ---
#17 29.34 [INFO] Using auto detected provider org.apache.maven.surefire.junitplatform.JUnitPlatformProvider
#17 29.69 [INFO] 
#17 29.69 [INFO] -------------------------------------------------------
#17 29.69 [INFO]  T E S T S
#17 29.69 [INFO] -------------------------------------------------------
#17 30.66 [INFO] Running br.com.ecohospital.EsgApiTest
#17 30.91 16:09:12.078 [main] INFO org.springframework.test.context.support.AnnotationConfigContextLoaderUtils -- Could not detect default configuration classes for test class [br.com.ecohospital.EsgApiTest]: EsgApiTest does not declare any static, non-private, non-final, nested classes annotated with @Configuration.
#17 31.10 16:09:12.303 [main] INFO org.springframework.boot.test.context.SpringBootTestContextBootstrapper -- Found @SpringBootConfiguration br.com.ecohospital.EsgApplication for test class br.com.ecohospital.EsgApiTest
#17 31.81 
#17 31.81   .   ____          _            __ _ _
#17 31.81  /\\ / ___'_ __ _ _(_)_ __  __ _ \ \ \ \
#17 31.81 ( ( )\___ | '_ | '_| | '_ \/ _` | \ \ \ \
#17 31.81  \\/  ___)| |_)| | | | | || (_| |  ) ) ) )
#17 31.81   '  |____| .__|_| |_|_| |_\__, | / / / /
#17 31.81  =========|_|==============|___/=/_/_/_/
#17 31.81 
#17 31.81  :: Spring Boot ::               (v3.5.16)
#17 31.82 
#17 31.91 2026-09-28T16:09:13.040Z  INFO 113 --- [ecohospital-esg] [           main] br.com.ecohospital.EsgApiTest            : Starting EsgApiTest using Java 17.0.20.1 with PID 113 (started by root in /build)
#17 31.91 2026-09-28T16:09:13.054Z  INFO 113 --- [ecohospital-esg] [           main] br.com.ecohospital.EsgApiTest            : No active profile set, falling back to 1 default profile: "default"
#17 33.81 2026-09-28T16:09:15.001Z  INFO 113 --- [ecohospital-esg] [           main] o.s.b.a.w.s.WelcomePageHandlerMapping    : Adding welcome page: class path resource [static/index.html]
#17 34.71 2026-09-28T16:09:15.837Z  INFO 113 --- [ecohospital-esg] [           main] o.s.b.t.m.w.SpringBootMockServletContext : Initializing Spring TestDispatcherServlet ''
#17 34.71 2026-09-28T16:09:15.838Z  INFO 113 --- [ecohospital-esg] [           main] o.s.t.web.servlet.TestDispatcherServlet  : Initializing Servlet ''
#17 34.71 2026-09-28T16:09:15.853Z  INFO 113 --- [ecohospital-esg] [           main] o.s.b.a.e.web.EndpointLinksResolver      : Exposing 1 endpoint beneath base path '/actuator'
#17 34.71 2026-09-28T16:09:15.871Z  INFO 113 --- [ecohospital-esg] [           main] o.s.t.web.servlet.TestDispatcherServlet  : Completed initialization in 31 ms
#17 34.81 2026-09-28T16:09:16.013Z  INFO 113 --- [ecohospital-esg] [           main] br.com.ecohospital.EsgApiTest            : Started EsgApiTest in 3.529 seconds (process running for 4.996)
#17 35.27 OpenJDK 64-Bit Server VM warning: Sharing is only supported for boot loader classes because bootstrap classpath has been appended
#17 36.69 2026-09-28T16:09:17.908Z  WARN 113 --- [ecohospital-esg] [           main] .w.s.m.s.DefaultHandlerExceptionResolver : Resolved [org.springframework.http.converter.HttpMessageNotReadableException: JSON parse error: Unexpected character ('b' (code 98)): was expecting double-quote to start field name]
#17 37.03 [INFO] Tests run: 24, Failures: 0, Errors: 0, Skipped: 0, Time elapsed: 6.327 s -- in br.com.ecohospital.EsgApiTest
#17 37.03 [INFO] Running br.com.ecohospital.WriteAccessTest
#17 37.06 [INFO] Tests run: 3, Failures: 0, Errors: 0, Skipped: 0, Time elapsed: 0.022 s -- in br.com.ecohospital.WriteAccessTest
#17 37.06 [INFO] Running br.com.ecohospital.EsgOperationsTest
#17 37.15 [INFO] Tests run: 4, Failures: 0, Errors: 0, Skipped: 0, Time elapsed: 0.125 s -- in br.com.ecohospital.EsgOperationsTest
#17 37.16 [INFO] Running br.com.ecohospital.EnvironmentalJournalTest
#17 37.29 [INFO] Tests run: 3, Failures: 0, Errors: 0, Skipped: 0, Time elapsed: 0.099 s -- in br.com.ecohospital.EnvironmentalJournalTest
#17 37.29 [INFO] Running br.com.ecohospital.EsgStoreTest
#17 37.46 [INFO] Tests run: 5, Failures: 0, Errors: 0, Skipped: 0, Time elapsed: 0.198 s -- in br.com.ecohospital.EsgStoreTest
#17 37.52 [INFO] 
#17 37.52 [INFO] Results:
#17 37.52 [INFO] 
#17 37.52 [INFO] Tests run: 39, Failures: 0, Errors: 0, Skipped: 0
#17 37.52 [INFO] 
#17 37.52 [INFO] 
#17 37.52 [INFO] --- jar:3.4.2:jar (default-jar) @ esg-app ---
#17 41.01 [INFO] Building jar: /build/target/esg-app.jar
#17 41.11 [INFO] 
#17 41.11 [INFO] --- spring-boot:3.5.16:repackage (repackage) @ esg-app ---
#17 45.40 [INFO] Replacing main artifact /build/target/esg-app.jar with repackaged archive, adding nested dependencies in BOOT-INF/.
#17 45.41 [INFO] The original artifact has been renamed to /build/target/esg-app.jar.original
#17 45.41 [INFO] ------------------------------------------------------------------------
#17 45.41 [INFO] BUILD SUCCESS
#17 45.41 [INFO] ------------------------------------------------------------------------
#17 45.41 [INFO] Total time:  42.227 s
#17 45.41 [INFO] Finished at: 2026-09-28T16:09:26Z
#17 45.41 [INFO] ------------------------------------------------------------------------
#17 DONE 45.9s

#18 [runtime 2/4] RUN apt-get update && apt-get install -y --no-install-recommends curl     && rm -rf /var/lib/apt/lists/*     && groupadd --gid 10001 esg     && useradd --uid 10001 --gid esg --no-create-home esg     && mkdir -p /app/data && chown -R esg:esg /app
#18 CACHED

#19 [runtime 3/4] WORKDIR /app
#19 CACHED

#20 [runtime 4/4] COPY --from=build --chown=esg:esg /build/target/esg-app.jar /app/app.jar
#20 DONE 0.2s

#21 exporting to image
#21 exporting layers
#21 exporting layers 4.0s done
#21 exporting manifest sha256:593eb1deb9e7ade0d9a3560bf2c6ad47ac68fe6fdd08a86080978d5f123b6110 0.1s done
#21 exporting config sha256:c0cb038e0371956d0cfc81241f63a00dac931a962f8fdacbbc1f838b98f6cfc6 0.1s done
#21 exporting attestation manifest sha256:760522081ae35755ffc5448296404d4b932eb422e117eca4db6b3b1709d1800f
#21 exporting attestation manifest sha256:760522081ae35755ffc5448296404d4b932eb422e117eca4db6b3b1709d1800f 0.2s done
#21 exporting manifest list sha256:49d9c6d439d1269b7222faa88e5a61363db96571b0bd68dd227da3e5717e9190
#21 exporting manifest list sha256:49d9c6d439d1269b7222faa88e5a61363db96571b0bd68dd227da3e5717e9190 0.0s done
#21 naming to docker.io/library/ecohospital:postgres-local done
#21 unpacking to docker.io/library/ecohospital:postgres-local
#21 unpacking to docker.io/library/ecohospital:postgres-local 0.9s done
#21 DONE 5.4s

#22 resolving provenance for metadata file
#22 DONE 0.1s
 Image ecohospital:postgres-local Built 
 Container ecohospital-postgres-demo-db-1 Running 
 Container ecohospital-postgres-demo-app-1 Recreate 
 Container ecohospital-postgres-demo-app-1 Recreated 
 Container ecohospital-postgres-demo-db-1 Waiting 
 Container ecohospital-postgres-demo-db-1 Healthy 
 Container ecohospital-postgres-demo-app-1 Starting 
 Container ecohospital-postgres-demo-app-1 Started 
 Container ecohospital-postgres-demo-app-1 Waiting 
 Container ecohospital-postgres-demo-db-1 Waiting 
 Container ecohospital-postgres-demo-db-1 Healthy 
 Container ecohospital-postgres-demo-app-1 Healthy 
